5: OverRide -> epsilon
8: RetType ->  VOID
33: Type -> BYTE
13: FormalDecl -> Type ID
32: Type -> INT
13: FormalDecl -> Type ID
33: Type -> BYTE
13: FormalDecl -> Type ID
34: Type -> BOOL
13: FormalDecl -> Type ID
11: FormalsList -> FormalDecl
12: FormalsList -> FormalDecl COMMA FormalsList
12: FormalsList -> FormalDecl COMMA FormalsList
12: FormalsList -> FormalDecl COMMA FormalsList
10: Formals -> FormalsList
33: Type -> BYTE
41: Exp -> STRING
48: Exp -> LPAREN Type RPAREN Exp
39: Exp -> NUM
35: Exp -> LPAREN Exp RPAREN
30: ExpList -> Exp
31: ExpList -> Exp COMMA ExpList
28: Call -> ID LPAREN ExpList RPAREN
20: Statement -> Call SC
14: Statements -> Statement
27: Statement -> CONTINUE SC
15: Statements -> Statements Statement
43: Exp -> FALSE
44: Exp -> NOT Exp
19: Statement -> ID ASSIGN Exp SC
15: Statements -> Statements Statement
39: Exp -> NUM
42: Exp -> TRUE
29: Call -> ID LPAREN RPAREN
38: Exp -> Call
45: Exp -> Exp AND Exp
41: Exp -> STRING
42: Exp -> TRUE
32: Type -> INT
37: Exp -> ID
48: Exp -> LPAREN Type RPAREN Exp
36: Exp -> Exp BINOP Exp
19: Statement -> ID ASSIGN Exp SC
25: Statement -> WHILE LPAREN Exp RPAREN Statement
25: Statement -> WHILE LPAREN Exp RPAREN Statement
33: Type -> BYTE
39: Exp -> NUM
48: Exp -> LPAREN Type RPAREN Exp
19: Statement -> ID ASSIGN Exp SC
14: Statements -> Statement
39: Exp -> NUM
43: Exp -> FALSE
47: Exp -> Exp RELOP Exp
21: Statement -> RETURN SC
23: Statement -> IF LPAREN Exp RPAREN Statement
15: Statements -> Statements Statement
29: Call -> ID LPAREN RPAREN
38: Exp -> Call
41: Exp -> STRING
30: ExpList -> Exp
31: ExpList -> Exp COMMA ExpList
28: Call -> ID LPAREN ExpList RPAREN
38: Exp -> Call
37: Exp -> ID
36: Exp -> Exp BINOP Exp
35: Exp -> LPAREN Exp RPAREN
40: Exp -> NUM B
44: Exp -> NOT Exp
35: Exp -> LPAREN Exp RPAREN
19: Statement -> ID ASSIGN Exp SC
25: Statement -> WHILE LPAREN Exp RPAREN Statement
15: Statements -> Statements Statement
26: Statement -> BREAK SC
15: Statements -> Statements Statement
26: Statement -> BREAK SC
15: Statements -> Statements Statement
21: Statement -> RETURN SC
15: Statements -> Statements Statement
34: Type -> BOOL
42: Exp -> TRUE
18: Statement -> Type ID ASSIGN Exp SC
15: Statements -> Statements Statement
16: Statement -> LBRACE Statements RBRACE
24: Statement -> IF LPAREN Exp RPAREN Statement ELSE Statement
15: Statements -> Statements Statement
42: Exp -> TRUE
44: Exp -> NOT Exp
27: Statement -> CONTINUE SC
23: Statement -> IF LPAREN Exp RPAREN Statement
15: Statements -> Statements Statement
34: Type -> BOOL
40: Exp -> NUM B
18: Statement -> Type ID ASSIGN Exp SC
15: Statements -> Statements Statement
43: Exp -> FALSE
44: Exp -> NOT Exp
39: Exp -> NUM
44: Exp -> NOT Exp
22: Statement -> RETURN Exp SC
23: Statement -> IF LPAREN Exp RPAREN Statement
15: Statements -> Statements Statement
43: Exp -> FALSE
42: Exp -> TRUE
29: Call -> ID LPAREN RPAREN
38: Exp -> Call
39: Exp -> NUM
42: Exp -> TRUE
35: Exp -> LPAREN Exp RPAREN
47: Exp -> Exp RELOP Exp
19: Statement -> ID ASSIGN Exp SC
25: Statement -> WHILE LPAREN Exp RPAREN Statement
14: Statements -> Statement
21: Statement -> RETURN SC
15: Statements -> Statements Statement
21: Statement -> RETURN SC
15: Statements -> Statements Statement
16: Statement -> LBRACE Statements RBRACE
25: Statement -> WHILE LPAREN Exp RPAREN Statement
23: Statement -> IF LPAREN Exp RPAREN Statement
15: Statements -> Statements Statement
29: Call -> ID LPAREN RPAREN
20: Statement -> Call SC
14: Statements -> Statement
34: Type -> BOOL
43: Exp -> FALSE
48: Exp -> LPAREN Type RPAREN Exp
21: Statement -> RETURN SC
23: Statement -> IF LPAREN Exp RPAREN Statement
15: Statements -> Statements Statement
16: Statement -> LBRACE Statements RBRACE
15: Statements -> Statements Statement
42: Exp -> TRUE
35: Exp -> LPAREN Exp RPAREN
37: Exp -> ID
43: Exp -> FALSE
47: Exp -> Exp RELOP Exp
45: Exp -> Exp AND Exp
22: Statement -> RETURN Exp SC
15: Statements -> Statements Statement
4: FuncDecl -> OverRide RetType ID LPAREN Formals RPAREN LBRACE Statements RBRACE
5: OverRide -> epsilon
8: RetType ->  VOID
33: Type -> BYTE
13: FormalDecl -> Type ID
34: Type -> BOOL
13: FormalDecl -> Type ID
33: Type -> BYTE
13: FormalDecl -> Type ID
11: FormalsList -> FormalDecl
12: FormalsList -> FormalDecl COMMA FormalsList
12: FormalsList -> FormalDecl COMMA FormalsList
10: Formals -> FormalsList
32: Type -> INT
17: Statement -> Type ID SC
14: Statements -> Statement
41: Exp -> STRING
22: Statement -> RETURN Exp SC
15: Statements -> Statements Statement
33: Type -> BYTE
37: Exp -> ID
35: Exp -> LPAREN Exp RPAREN
35: Exp -> LPAREN Exp RPAREN
18: Statement -> Type ID ASSIGN Exp SC
15: Statements -> Statements Statement
33: Type -> BYTE
17: Statement -> Type ID SC
15: Statements -> Statements Statement
21: Statement -> RETURN SC
15: Statements -> Statements Statement
21: Statement -> RETURN SC
15: Statements -> Statements Statement
27: Statement -> CONTINUE SC
15: Statements -> Statements Statement
33: Type -> BYTE
41: Exp -> STRING
37: Exp -> ID
37: Exp -> ID
42: Exp -> TRUE
47: Exp -> Exp RELOP Exp
35: Exp -> LPAREN Exp RPAREN
45: Exp -> Exp AND Exp
35: Exp -> LPAREN Exp RPAREN
47: Exp -> Exp RELOP Exp
18: Statement -> Type ID ASSIGN Exp SC
15: Statements -> Statements Statement
33: Type -> BYTE
17: Statement -> Type ID SC
15: Statements -> Statements Statement
26: Statement -> BREAK SC
14: Statements -> Statement
16: Statement -> LBRACE Statements RBRACE
15: Statements -> Statements Statement
4: FuncDecl -> OverRide RetType ID LPAREN Formals RPAREN LBRACE Statements RBRACE
5: OverRide -> epsilon
32: Type -> INT
7: RetType -> Type
34: Type -> BOOL
13: FormalDecl -> Type ID
34: Type -> BOOL
13: FormalDecl -> Type ID
33: Type -> BYTE
13: FormalDecl -> Type ID
33: Type -> BYTE
13: FormalDecl -> Type ID
32: Type -> INT
13: FormalDecl -> Type ID
32: Type -> INT
13: FormalDecl -> Type ID
34: Type -> BOOL
13: FormalDecl -> Type ID
32: Type -> INT
13: FormalDecl -> Type ID
32: Type -> INT
13: FormalDecl -> Type ID
33: Type -> BYTE
13: FormalDecl -> Type ID
11: FormalsList -> FormalDecl
12: FormalsList -> FormalDecl COMMA FormalsList
12: FormalsList -> FormalDecl COMMA FormalsList
12: FormalsList -> FormalDecl COMMA FormalsList
12: FormalsList -> FormalDecl COMMA FormalsList
12: FormalsList -> FormalDecl COMMA FormalsList
12: FormalsList -> FormalDecl COMMA FormalsList
12: FormalsList -> FormalDecl COMMA FormalsList
12: FormalsList -> FormalDecl COMMA FormalsList
12: FormalsList -> FormalDecl COMMA FormalsList
10: Formals -> FormalsList
39: Exp -> NUM
39: Exp -> NUM
36: Exp -> Exp BINOP Exp
19: Statement -> ID ASSIGN Exp SC
14: Statements -> Statement
40: Exp -> NUM B
39: Exp -> NUM
42: Exp -> TRUE
37: Exp -> ID
39: Exp -> NUM
35: Exp -> LPAREN Exp RPAREN
36: Exp -> Exp BINOP Exp
41: Exp -> STRING
39: Exp -> NUM
36: Exp -> Exp BINOP Exp
42: Exp -> TRUE
47: Exp -> Exp RELOP Exp
30: ExpList -> Exp
31: ExpList -> Exp COMMA ExpList
31: ExpList -> Exp COMMA ExpList
31: ExpList -> Exp COMMA ExpList
31: ExpList -> Exp COMMA ExpList
28: Call -> ID LPAREN ExpList RPAREN
20: Statement -> Call SC
15: Statements -> Statements Statement
32: Type -> INT
17: Statement -> Type ID SC
15: Statements -> Statements Statement
29: Call -> ID LPAREN RPAREN
20: Statement -> Call SC
15: Statements -> Statements Statement
26: Statement -> BREAK SC
14: Statements -> Statement
26: Statement -> BREAK SC
15: Statements -> Statements Statement
40: Exp -> NUM B
33: Type -> BYTE
41: Exp -> STRING
48: Exp -> LPAREN Type RPAREN Exp
30: ExpList -> Exp
28: Call -> ID LPAREN ExpList RPAREN
38: Exp -> Call
35: Exp -> LPAREN Exp RPAREN
29: Call -> ID LPAREN RPAREN
38: Exp -> Call
47: Exp -> Exp RELOP Exp
32: Type -> INT
17: Statement -> Type ID SC
23: Statement -> IF LPAREN Exp RPAREN Statement
25: Statement -> WHILE LPAREN Exp RPAREN Statement
15: Statements -> Statements Statement
39: Exp -> NUM
43: Exp -> FALSE
36: Exp -> Exp BINOP Exp
37: Exp -> ID
44: Exp -> NOT Exp
47: Exp -> Exp RELOP Exp
19: Statement -> ID ASSIGN Exp SC
15: Statements -> Statements Statement
37: Exp -> ID
39: Exp -> NUM
22: Statement -> RETURN Exp SC
23: Statement -> IF LPAREN Exp RPAREN Statement
15: Statements -> Statements Statement
43: Exp -> FALSE
30: ExpList -> Exp
28: Call -> ID LPAREN ExpList RPAREN
20: Statement -> Call SC
15: Statements -> Statements Statement
16: Statement -> LBRACE Statements RBRACE
15: Statements -> Statements Statement
42: Exp -> TRUE
44: Exp -> NOT Exp
42: Exp -> TRUE
22: Statement -> RETURN Exp SC
25: Statement -> WHILE LPAREN Exp RPAREN Statement
15: Statements -> Statements Statement
39: Exp -> NUM
29: Call -> ID LPAREN RPAREN
38: Exp -> Call
36: Exp -> Exp BINOP Exp
42: Exp -> TRUE
26: Statement -> BREAK SC
25: Statement -> WHILE LPAREN Exp RPAREN Statement
34: Type -> BOOL
42: Exp -> TRUE
33: Type -> BYTE
41: Exp -> STRING
48: Exp -> LPAREN Type RPAREN Exp
47: Exp -> Exp RELOP Exp
40: Exp -> NUM B
40: Exp -> NUM B
47: Exp -> Exp RELOP Exp
46: Exp -> Exp OR Exp
35: Exp -> LPAREN Exp RPAREN
48: Exp -> LPAREN Type RPAREN Exp
43: Exp -> FALSE
19: Statement -> ID ASSIGN Exp SC
42: Exp -> TRUE
41: Exp -> STRING
35: Exp -> LPAREN Exp RPAREN
44: Exp -> NOT Exp
39: Exp -> NUM
36: Exp -> Exp BINOP Exp
40: Exp -> NUM B
41: Exp -> STRING
19: Statement -> ID ASSIGN Exp SC
25: Statement -> WHILE LPAREN Exp RPAREN Statement
37: Exp -> ID
22: Statement -> RETURN Exp SC
24: Statement -> IF LPAREN Exp RPAREN Statement ELSE Statement
25: Statement -> WHILE LPAREN Exp RPAREN Statement
24: Statement -> IF LPAREN Exp RPAREN Statement ELSE Statement
24: Statement -> IF LPAREN Exp RPAREN Statement ELSE Statement
15: Statements -> Statements Statement
4: FuncDecl -> OverRide RetType ID LPAREN Formals RPAREN LBRACE Statements RBRACE
5: OverRide -> epsilon
33: Type -> BYTE
7: RetType -> Type
9: Formals -> epsilon
43: Exp -> FALSE
33: Type -> BYTE
39: Exp -> NUM
35: Exp -> LPAREN Exp RPAREN
18: Statement -> Type ID ASSIGN Exp SC
14: Statements -> Statement
34: Type -> BOOL
17: Statement -> Type ID SC
15: Statements -> Statements Statement
27: Statement -> CONTINUE SC
15: Statements -> Statements Statement
27: Statement -> CONTINUE SC
15: Statements -> Statements Statement
33: Type -> BYTE
17: Statement -> Type ID SC
15: Statements -> Statements Statement
40: Exp -> NUM B
43: Exp -> FALSE
47: Exp -> Exp RELOP Exp
39: Exp -> NUM
39: Exp -> NUM
47: Exp -> Exp RELOP Exp
37: Exp -> ID
29: Call -> ID LPAREN RPAREN
38: Exp -> Call
45: Exp -> Exp AND Exp
46: Exp -> Exp OR Exp
30: ExpList -> Exp
31: ExpList -> Exp COMMA ExpList
28: Call -> ID LPAREN ExpList RPAREN
20: Statement -> Call SC
15: Statements -> Statements Statement
39: Exp -> NUM
35: Exp -> LPAREN Exp RPAREN
41: Exp -> STRING
37: Exp -> ID
43: Exp -> FALSE
39: Exp -> NUM
39: Exp -> NUM
43: Exp -> FALSE
30: ExpList -> Exp
31: ExpList -> Exp COMMA ExpList
31: ExpList -> Exp COMMA ExpList
31: ExpList -> Exp COMMA ExpList
31: ExpList -> Exp COMMA ExpList
31: ExpList -> Exp COMMA ExpList
28: Call -> ID LPAREN ExpList RPAREN
38: Exp -> Call
44: Exp -> NOT Exp
42: Exp -> TRUE
36: Exp -> Exp BINOP Exp
19: Statement -> ID ASSIGN Exp SC
25: Statement -> WHILE LPAREN Exp RPAREN Statement
15: Statements -> Statements Statement
41: Exp -> STRING
44: Exp -> NOT Exp
41: Exp -> STRING
19: Statement -> ID ASSIGN Exp SC
37: Exp -> ID
33: Type -> BYTE
17: Statement -> Type ID SC
14: Statements -> Statement
32: Type -> INT
41: Exp -> STRING
35: Exp -> LPAREN Exp RPAREN
29: Call -> ID LPAREN RPAREN
38: Exp -> Call
44: Exp -> NOT Exp
40: Exp -> NUM B
36: Exp -> Exp BINOP Exp
42: Exp -> TRUE
46: Exp -> Exp OR Exp
35: Exp -> LPAREN Exp RPAREN
47: Exp -> Exp RELOP Exp
35: Exp -> LPAREN Exp RPAREN
48: Exp -> LPAREN Type RPAREN Exp
40: Exp -> NUM B
35: Exp -> LPAREN Exp RPAREN
36: Exp -> Exp BINOP Exp
22: Statement -> RETURN Exp SC
14: Statements -> Statement
40: Exp -> NUM B
19: Statement -> ID ASSIGN Exp SC
15: Statements -> Statements Statement
16: Statement -> LBRACE Statements RBRACE
15: Statements -> Statements Statement
39: Exp -> NUM
43: Exp -> FALSE
43: Exp -> FALSE
33: Type -> BYTE
43: Exp -> FALSE
48: Exp -> LPAREN Type RPAREN Exp
41: Exp -> STRING
45: Exp -> Exp AND Exp
35: Exp -> LPAREN Exp RPAREN
19: Statement -> ID ASSIGN Exp SC
25: Statement -> WHILE LPAREN Exp RPAREN Statement
25: Statement -> WHILE LPAREN Exp RPAREN Statement
32: Type -> INT
43: Exp -> FALSE
18: Statement -> Type ID ASSIGN Exp SC
24: Statement -> IF LPAREN Exp RPAREN Statement ELSE Statement
15: Statements -> Statements Statement
16: Statement -> LBRACE Statements RBRACE
27: Statement -> CONTINUE SC
24: Statement -> IF LPAREN Exp RPAREN Statement ELSE Statement
24: Statement -> IF LPAREN Exp RPAREN Statement ELSE Statement
15: Statements -> Statements Statement
34: Type -> BOOL
17: Statement -> Type ID SC
15: Statements -> Statements Statement
34: Type -> BOOL
17: Statement -> Type ID SC
15: Statements -> Statements Statement
16: Statement -> LBRACE Statements RBRACE
23: Statement -> IF LPAREN Exp RPAREN Statement
14: Statements -> Statement
39: Exp -> NUM
19: Statement -> ID ASSIGN Exp SC
15: Statements -> Statements Statement
26: Statement -> BREAK SC
15: Statements -> Statements Statement
26: Statement -> BREAK SC
15: Statements -> Statements Statement
42: Exp -> TRUE
21: Statement -> RETURN SC
25: Statement -> WHILE LPAREN Exp RPAREN Statement
15: Statements -> Statements Statement
21: Statement -> RETURN SC
15: Statements -> Statements Statement
26: Statement -> BREAK SC
15: Statements -> Statements Statement
39: Exp -> NUM
32: Type -> INT
17: Statement -> Type ID SC
23: Statement -> IF LPAREN Exp RPAREN Statement
15: Statements -> Statements Statement
26: Statement -> BREAK SC
15: Statements -> Statements Statement
39: Exp -> NUM
22: Statement -> RETURN Exp SC
15: Statements -> Statements Statement
4: FuncDecl -> OverRide RetType ID LPAREN Formals RPAREN LBRACE Statements RBRACE
5: OverRide -> epsilon
32: Type -> INT
7: RetType -> Type
9: Formals -> epsilon
21: Statement -> RETURN SC
14: Statements -> Statement
33: Type -> BYTE
40: Exp -> NUM B
48: Exp -> LPAREN Type RPAREN Exp
29: Call -> ID LPAREN RPAREN
38: Exp -> Call
36: Exp -> Exp BINOP Exp
26: Statement -> BREAK SC
14: Statements -> Statement
33: Type -> BYTE
41: Exp -> STRING
48: Exp -> LPAREN Type RPAREN Exp
35: Exp -> LPAREN Exp RPAREN
42: Exp -> TRUE
46: Exp -> Exp OR Exp
37: Exp -> ID
43: Exp -> FALSE
42: Exp -> TRUE
47: Exp -> Exp RELOP Exp
40: Exp -> NUM B
45: Exp -> Exp AND Exp
30: ExpList -> Exp
28: Call -> ID LPAREN ExpList RPAREN
38: Exp -> Call
37: Exp -> ID
43: Exp -> FALSE
36: Exp -> Exp BINOP Exp
43: Exp -> FALSE
29: Call -> ID LPAREN RPAREN
38: Exp -> Call
47: Exp -> Exp RELOP Exp
37: Exp -> ID
37: Exp -> ID
36: Exp -> Exp BINOP Exp
39: Exp -> NUM
39: Exp -> NUM
47: Exp -> Exp RELOP Exp
39: Exp -> NUM
45: Exp -> Exp AND Exp
37: Exp -> ID
34: Type -> BOOL
37: Exp -> ID
48: Exp -> LPAREN Type RPAREN Exp
45: Exp -> Exp AND Exp
46: Exp -> Exp OR Exp
42: Exp -> TRUE
30: ExpList -> Exp
28: Call -> ID LPAREN ExpList RPAREN
38: Exp -> Call
44: Exp -> NOT Exp
40: Exp -> NUM B
43: Exp -> FALSE
44: Exp -> NOT Exp
41: Exp -> STRING
35: Exp -> LPAREN Exp RPAREN
40: Exp -> NUM B
36: Exp -> Exp BINOP Exp
41: Exp -> STRING
37: Exp -> ID
34: Type -> BOOL
40: Exp -> NUM B
48: Exp -> LPAREN Type RPAREN Exp
37: Exp -> ID
36: Exp -> Exp BINOP Exp
30: ExpList -> Exp
31: ExpList -> Exp COMMA ExpList
31: ExpList -> Exp COMMA ExpList
31: ExpList -> Exp COMMA ExpList
31: ExpList -> Exp COMMA ExpList
31: ExpList -> Exp COMMA ExpList
31: ExpList -> Exp COMMA ExpList
31: ExpList -> Exp COMMA ExpList
31: ExpList -> Exp COMMA ExpList
31: ExpList -> Exp COMMA ExpList
31: ExpList -> Exp COMMA ExpList
31: ExpList -> Exp COMMA ExpList
31: ExpList -> Exp COMMA ExpList
28: Call -> ID LPAREN ExpList RPAREN
38: Exp -> Call
43: Exp -> FALSE
37: Exp -> ID
40: Exp -> NUM B
29: Call -> ID LPAREN RPAREN
38: Exp -> Call
36: Exp -> Exp BINOP Exp
42: Exp -> TRUE
47: Exp -> Exp RELOP Exp
45: Exp -> Exp AND Exp
30: ExpList -> Exp
31: ExpList -> Exp COMMA ExpList
31: ExpList -> Exp COMMA ExpList
28: Call -> ID LPAREN ExpList RPAREN
20: Statement -> Call SC
39: Exp -> NUM
27: Statement -> CONTINUE SC
25: Statement -> WHILE LPAREN Exp RPAREN Statement
24: Statement -> IF LPAREN Exp RPAREN Statement ELSE Statement
15: Statements -> Statements Statement
40: Exp -> NUM B
33: Type -> BYTE
39: Exp -> NUM
44: Exp -> NOT Exp
48: Exp -> LPAREN Type RPAREN Exp
47: Exp -> Exp RELOP Exp
35: Exp -> LPAREN Exp RPAREN
41: Exp -> STRING
46: Exp -> Exp OR Exp
22: Statement -> RETURN Exp SC
15: Statements -> Statements Statement
43: Exp -> FALSE
34: Type -> BOOL
42: Exp -> TRUE
48: Exp -> LPAREN Type RPAREN Exp
45: Exp -> Exp AND Exp
40: Exp -> NUM B
33: Type -> BYTE
39: Exp -> NUM
48: Exp -> LPAREN Type RPAREN Exp
35: Exp -> LPAREN Exp RPAREN
47: Exp -> Exp RELOP Exp
29: Call -> ID LPAREN RPAREN
38: Exp -> Call
46: Exp -> Exp OR Exp
29: Call -> ID LPAREN RPAREN
38: Exp -> Call
35: Exp -> LPAREN Exp RPAREN
44: Exp -> NOT Exp
37: Exp -> ID
36: Exp -> Exp BINOP Exp
29: Call -> ID LPAREN RPAREN
38: Exp -> Call
29: Call -> ID LPAREN RPAREN
38: Exp -> Call
36: Exp -> Exp BINOP Exp
40: Exp -> NUM B
30: ExpList -> Exp
31: ExpList -> Exp COMMA ExpList
31: ExpList -> Exp COMMA ExpList
31: ExpList -> Exp COMMA ExpList
31: ExpList -> Exp COMMA ExpList
28: Call -> ID LPAREN ExpList RPAREN
20: Statement -> Call SC
15: Statements -> Statements Statement
33: Type -> BYTE
17: Statement -> Type ID SC
15: Statements -> Statements Statement
33: Type -> BYTE
17: Statement -> Type ID SC
15: Statements -> Statements Statement
37: Exp -> ID
39: Exp -> NUM
37: Exp -> ID
35: Exp -> LPAREN Exp RPAREN
35: Exp -> LPAREN Exp RPAREN
22: Statement -> RETURN Exp SC
25: Statement -> WHILE LPAREN Exp RPAREN Statement
23: Statement -> IF LPAREN Exp RPAREN Statement
15: Statements -> Statements Statement
29: Call -> ID LPAREN RPAREN
38: Exp -> Call
37: Exp -> ID
36: Exp -> Exp BINOP Exp
37: Exp -> ID
44: Exp -> NOT Exp
40: Exp -> NUM B
46: Exp -> Exp OR Exp
26: Statement -> BREAK SC
25: Statement -> WHILE LPAREN Exp RPAREN Statement
27: Statement -> CONTINUE SC
24: Statement -> IF LPAREN Exp RPAREN Statement ELSE Statement
15: Statements -> Statements Statement
41: Exp -> STRING
42: Exp -> TRUE
36: Exp -> Exp BINOP Exp
29: Call -> ID LPAREN RPAREN
38: Exp -> Call
22: Statement -> RETURN Exp SC
23: Statement -> IF LPAREN Exp RPAREN Statement
15: Statements -> Statements Statement
16: Statement -> LBRACE Statements RBRACE
23: Statement -> IF LPAREN Exp RPAREN Statement
15: Statements -> Statements Statement
27: Statement -> CONTINUE SC
15: Statements -> Statements Statement
43: Exp -> FALSE
22: Statement -> RETURN Exp SC
15: Statements -> Statements Statement
32: Type -> INT
37: Exp -> ID
18: Statement -> Type ID ASSIGN Exp SC
15: Statements -> Statements Statement
33: Type -> BYTE
17: Statement -> Type ID SC
15: Statements -> Statements Statement
34: Type -> BOOL
17: Statement -> Type ID SC
15: Statements -> Statements Statement
37: Exp -> ID
41: Exp -> STRING
47: Exp -> Exp RELOP Exp
41: Exp -> STRING
44: Exp -> NOT Exp
19: Statement -> ID ASSIGN Exp SC
25: Statement -> WHILE LPAREN Exp RPAREN Statement
15: Statements -> Statements Statement
26: Statement -> BREAK SC
15: Statements -> Statements Statement
21: Statement -> RETURN SC
15: Statements -> Statements Statement
4: FuncDecl -> OverRide RetType ID LPAREN Formals RPAREN LBRACE Statements RBRACE
5: OverRide -> epsilon
34: Type -> BOOL
7: RetType -> Type
9: Formals -> epsilon
40: Exp -> NUM B
39: Exp -> NUM
42: Exp -> TRUE
46: Exp -> Exp OR Exp
35: Exp -> LPAREN Exp RPAREN
47: Exp -> Exp RELOP Exp
22: Statement -> RETURN Exp SC
14: Statements -> Statement
32: Type -> INT
37: Exp -> ID
43: Exp -> FALSE
44: Exp -> NOT Exp
35: Exp -> LPAREN Exp RPAREN
37: Exp -> ID
43: Exp -> FALSE
44: Exp -> NOT Exp
36: Exp -> Exp BINOP Exp
37: Exp -> ID
47: Exp -> Exp RELOP Exp
46: Exp -> Exp OR Exp
30: ExpList -> Exp
31: ExpList -> Exp COMMA ExpList
28: Call -> ID LPAREN ExpList RPAREN
38: Exp -> Call
48: Exp -> LPAREN Type RPAREN Exp
35: Exp -> LPAREN Exp RPAREN
29: Call -> ID LPAREN RPAREN
20: Statement -> Call SC
40: Exp -> NUM B
32: Type -> INT
37: Exp -> ID
44: Exp -> NOT Exp
43: Exp -> FALSE
35: Exp -> LPAREN Exp RPAREN
41: Exp -> STRING
36: Exp -> Exp BINOP Exp
47: Exp -> Exp RELOP Exp
18: Statement -> Type ID ASSIGN Exp SC
23: Statement -> IF LPAREN Exp RPAREN Statement
24: Statement -> IF LPAREN Exp RPAREN Statement ELSE Statement
15: Statements -> Statements Statement
37: Exp -> ID
44: Exp -> NOT Exp
19: Statement -> ID ASSIGN Exp SC
15: Statements -> Statements Statement
21: Statement -> RETURN SC
14: Statements -> Statement
29: Call -> ID LPAREN RPAREN
20: Statement -> Call SC
15: Statements -> Statements Statement
32: Type -> INT
42: Exp -> TRUE
35: Exp -> LPAREN Exp RPAREN
35: Exp -> LPAREN Exp RPAREN
18: Statement -> Type ID ASSIGN Exp SC
15: Statements -> Statements Statement
41: Exp -> STRING
35: Exp -> LPAREN Exp RPAREN
30: ExpList -> Exp
28: Call -> ID LPAREN ExpList RPAREN
38: Exp -> Call
37: Exp -> ID
45: Exp -> Exp AND Exp
32: Type -> INT
41: Exp -> STRING
48: Exp -> LPAREN Type RPAREN Exp
32: Type -> INT
33: Type -> BYTE
42: Exp -> TRUE
40: Exp -> NUM B
39: Exp -> NUM
44: Exp -> NOT Exp
30: ExpList -> Exp
31: ExpList -> Exp COMMA ExpList
31: ExpList -> Exp COMMA ExpList
28: Call -> ID LPAREN ExpList RPAREN
38: Exp -> Call
48: Exp -> LPAREN Type RPAREN Exp
35: Exp -> LPAREN Exp RPAREN
44: Exp -> NOT Exp
18: Statement -> Type ID ASSIGN Exp SC
25: Statement -> WHILE LPAREN Exp RPAREN Statement
14: Statements -> Statement
21: Statement -> RETURN SC
15: Statements -> Statements Statement
34: Type -> BOOL
17: Statement -> Type ID SC
15: Statements -> Statements Statement
34: Type -> BOOL
41: Exp -> STRING
18: Statement -> Type ID ASSIGN Exp SC
15: Statements -> Statements Statement
16: Statement -> LBRACE Statements RBRACE
25: Statement -> WHILE LPAREN Exp RPAREN Statement
15: Statements -> Statements Statement
43: Exp -> FALSE
37: Exp -> ID
30: ExpList -> Exp
31: ExpList -> Exp COMMA ExpList
28: Call -> ID LPAREN ExpList RPAREN
20: Statement -> Call SC
15: Statements -> Statements Statement
34: Type -> BOOL
40: Exp -> NUM B
18: Statement -> Type ID ASSIGN Exp SC
15: Statements -> Statements Statement
26: Statement -> BREAK SC
15: Statements -> Statements Statement
16: Statement -> LBRACE Statements RBRACE
15: Statements -> Statements Statement
26: Statement -> BREAK SC
15: Statements -> Statements Statement
40: Exp -> NUM B
35: Exp -> LPAREN Exp RPAREN
32: Type -> INT
17: Statement -> Type ID SC
23: Statement -> IF LPAREN Exp RPAREN Statement
14: Statements -> Statement
16: Statement -> LBRACE Statements RBRACE
15: Statements -> Statements Statement
4: FuncDecl -> OverRide RetType ID LPAREN Formals RPAREN LBRACE Statements RBRACE
5: OverRide -> epsilon
33: Type -> BYTE
7: RetType -> Type
34: Type -> BOOL
13: FormalDecl -> Type ID
32: Type -> INT
13: FormalDecl -> Type ID
11: FormalsList -> FormalDecl
12: FormalsList -> FormalDecl COMMA FormalsList
10: Formals -> FormalsList
32: Type -> INT
17: Statement -> Type ID SC
14: Statements -> Statement
42: Exp -> TRUE
22: Statement -> RETURN Exp SC
15: Statements -> Statements Statement
33: Type -> BYTE
41: Exp -> STRING
18: Statement -> Type ID ASSIGN Exp SC
15: Statements -> Statements Statement
42: Exp -> TRUE
29: Call -> ID LPAREN RPAREN
38: Exp -> Call
39: Exp -> NUM
36: Exp -> Exp BINOP Exp
35: Exp -> LPAREN Exp RPAREN
36: Exp -> Exp BINOP Exp
35: Exp -> LPAREN Exp RPAREN
33: Type -> BYTE
41: Exp -> STRING
48: Exp -> LPAREN Type RPAREN Exp
30: ExpList -> Exp
31: ExpList -> Exp COMMA ExpList
28: Call -> ID LPAREN ExpList RPAREN
38: Exp -> Call
30: ExpList -> Exp
28: Call -> ID LPAREN ExpList RPAREN
38: Exp -> Call
22: Statement -> RETURN Exp SC
15: Statements -> Statements Statement
43: Exp -> FALSE
19: Statement -> ID ASSIGN Exp SC
15: Statements -> Statements Statement
40: Exp -> NUM B
35: Exp -> LPAREN Exp RPAREN
22: Statement -> RETURN Exp SC
15: Statements -> Statements Statement
27: Statement -> CONTINUE SC
15: Statements -> Statements Statement
41: Exp -> STRING
29: Call -> ID LPAREN RPAREN
38: Exp -> Call
21: Statement -> RETURN SC
23: Statement -> IF LPAREN Exp RPAREN Statement
25: Statement -> WHILE LPAREN Exp RPAREN Statement
15: Statements -> Statements Statement
32: Type -> INT
29: Call -> ID LPAREN RPAREN
38: Exp -> Call
18: Statement -> Type ID ASSIGN Exp SC
15: Statements -> Statements Statement
21: Statement -> RETURN SC
15: Statements -> Statements Statement
4: FuncDecl -> OverRide RetType ID LPAREN Formals RPAREN LBRACE Statements RBRACE
5: OverRide -> epsilon
33: Type -> BYTE
7: RetType -> Type
33: Type -> BYTE
13: FormalDecl -> Type ID
33: Type -> BYTE
13: FormalDecl -> Type ID
34: Type -> BOOL
13: FormalDecl -> Type ID
32: Type -> INT
13: FormalDecl -> Type ID
32: Type -> INT
13: FormalDecl -> Type ID
32: Type -> INT
13: FormalDecl -> Type ID
32: Type -> INT
13: FormalDecl -> Type ID
33: Type -> BYTE
13: FormalDecl -> Type ID
33: Type -> BYTE
13: FormalDecl -> Type ID
32: Type -> INT
13: FormalDecl -> Type ID
32: Type -> INT
13: FormalDecl -> Type ID
34: Type -> BOOL
13: FormalDecl -> Type ID
32: Type -> INT
13: FormalDecl -> Type ID
11: FormalsList -> FormalDecl
12: FormalsList -> FormalDecl COMMA FormalsList
12: FormalsList -> FormalDecl COMMA FormalsList
12: FormalsList -> FormalDecl COMMA FormalsList
12: FormalsList -> FormalDecl COMMA FormalsList
12: FormalsList -> FormalDecl COMMA FormalsList
12: FormalsList -> FormalDecl COMMA FormalsList
12: FormalsList -> FormalDecl COMMA FormalsList
12: FormalsList -> FormalDecl COMMA FormalsList
12: FormalsList -> FormalDecl COMMA FormalsList
12: FormalsList -> FormalDecl COMMA FormalsList
12: FormalsList -> FormalDecl COMMA FormalsList
12: FormalsList -> FormalDecl COMMA FormalsList
10: Formals -> FormalsList
41: Exp -> STRING
22: Statement -> RETURN Exp SC
14: Statements -> Statement
27: Statement -> CONTINUE SC
15: Statements -> Statements Statement
37: Exp -> ID
19: Statement -> ID ASSIGN Exp SC
15: Statements -> Statements Statement
43: Exp -> FALSE
33: Type -> BYTE
43: Exp -> FALSE
48: Exp -> LPAREN Type RPAREN Exp
36: Exp -> Exp BINOP Exp
22: Statement -> RETURN Exp SC
15: Statements -> Statements Statement
43: Exp -> FALSE
19: Statement -> ID ASSIGN Exp SC
15: Statements -> Statements Statement
21: Statement -> RETURN SC
15: Statements -> Statements Statement
39: Exp -> NUM
19: Statement -> ID ASSIGN Exp SC
15: Statements -> Statements Statement
32: Type -> INT
37: Exp -> ID
44: Exp -> NOT Exp
41: Exp -> STRING
36: Exp -> Exp BINOP Exp
18: Statement -> Type ID ASSIGN Exp SC
15: Statements -> Statements Statement
34: Type -> BOOL
37: Exp -> ID
44: Exp -> NOT Exp
18: Statement -> Type ID ASSIGN Exp SC
15: Statements -> Statements Statement
33: Type -> BYTE
37: Exp -> ID
48: Exp -> LPAREN Type RPAREN Exp
19: Statement -> ID ASSIGN Exp SC
15: Statements -> Statements Statement
4: FuncDecl -> OverRide RetType ID LPAREN Formals RPAREN LBRACE Statements RBRACE
5: OverRide -> epsilon
8: RetType ->  VOID
32: Type -> INT
13: FormalDecl -> Type ID
34: Type -> BOOL
13: FormalDecl -> Type ID
32: Type -> INT
13: FormalDecl -> Type ID
34: Type -> BOOL
13: FormalDecl -> Type ID
34: Type -> BOOL
13: FormalDecl -> Type ID
33: Type -> BYTE
13: FormalDecl -> Type ID
34: Type -> BOOL
13: FormalDecl -> Type ID
34: Type -> BOOL
13: FormalDecl -> Type ID
32: Type -> INT
13: FormalDecl -> Type ID
33: Type -> BYTE
13: FormalDecl -> Type ID
34: Type -> BOOL
13: FormalDecl -> Type ID
32: Type -> INT
13: FormalDecl -> Type ID
11: FormalsList -> FormalDecl
12: FormalsList -> FormalDecl COMMA FormalsList
12: FormalsList -> FormalDecl COMMA FormalsList
12: FormalsList -> FormalDecl COMMA FormalsList
12: FormalsList -> FormalDecl COMMA FormalsList
12: FormalsList -> FormalDecl COMMA FormalsList
12: FormalsList -> FormalDecl COMMA FormalsList
12: FormalsList -> FormalDecl COMMA FormalsList
12: FormalsList -> FormalDecl COMMA FormalsList
12: FormalsList -> FormalDecl COMMA FormalsList
12: FormalsList -> FormalDecl COMMA FormalsList
12: FormalsList -> FormalDecl COMMA FormalsList
10: Formals -> FormalsList
39: Exp -> NUM
44: Exp -> NOT Exp
41: Exp -> STRING
45: Exp -> Exp AND Exp
29: Call -> ID LPAREN RPAREN
38: Exp -> Call
30: ExpList -> Exp
31: ExpList -> Exp COMMA ExpList
28: Call -> ID LPAREN ExpList RPAREN
20: Statement -> Call SC
14: Statements -> Statement
21: Statement -> RETURN SC
15: Statements -> Statements Statement
21: Statement -> RETURN SC
15: Statements -> Statements Statement
21: Statement -> RETURN SC
15: Statements -> Statements Statement
37: Exp -> ID
44: Exp -> NOT Exp
40: Exp -> NUM B
44: Exp -> NOT Exp
30: ExpList -> Exp
31: ExpList -> Exp COMMA ExpList
28: Call -> ID LPAREN ExpList RPAREN
20: Statement -> Call SC
15: Statements -> Statements Statement
32: Type -> INT
43: Exp -> FALSE
35: Exp -> LPAREN Exp RPAREN
48: Exp -> LPAREN Type RPAREN Exp
33: Type -> BYTE
39: Exp -> NUM
44: Exp -> NOT Exp
18: Statement -> Type ID ASSIGN Exp SC
23: Statement -> IF LPAREN Exp RPAREN Statement
15: Statements -> Statements Statement
33: Type -> BYTE
42: Exp -> TRUE
18: Statement -> Type ID ASSIGN Exp SC
15: Statements -> Statements Statement
33: Type -> BYTE
29: Call -> ID LPAREN RPAREN
38: Exp -> Call
18: Statement -> Type ID ASSIGN Exp SC
15: Statements -> Statements Statement
27: Statement -> CONTINUE SC
15: Statements -> Statements Statement
21: Statement -> RETURN SC
14: Statements -> Statement
16: Statement -> LBRACE Statements RBRACE
15: Statements -> Statements Statement
4: FuncDecl -> OverRide RetType ID LPAREN Formals RPAREN LBRACE Statements RBRACE
5: OverRide -> epsilon
8: RetType ->  VOID
32: Type -> INT
13: FormalDecl -> Type ID
33: Type -> BYTE
13: FormalDecl -> Type ID
11: FormalsList -> FormalDecl
12: FormalsList -> FormalDecl COMMA FormalsList
10: Formals -> FormalsList
37: Exp -> ID
43: Exp -> FALSE
47: Exp -> Exp RELOP Exp
35: Exp -> LPAREN Exp RPAREN
22: Statement -> RETURN Exp SC
14: Statements -> Statement
21: Statement -> RETURN SC
15: Statements -> Statements Statement
43: Exp -> FALSE
39: Exp -> NUM
35: Exp -> LPAREN Exp RPAREN
44: Exp -> NOT Exp
45: Exp -> Exp AND Exp
19: Statement -> ID ASSIGN Exp SC
14: Statements -> Statement
27: Statement -> CONTINUE SC
15: Statements -> Statements Statement
29: Call -> ID LPAREN RPAREN
20: Statement -> Call SC
15: Statements -> Statements Statement
34: Type -> BOOL
43: Exp -> FALSE
43: Exp -> FALSE
36: Exp -> Exp BINOP Exp
18: Statement -> Type ID ASSIGN Exp SC
15: Statements -> Statements Statement
43: Exp -> FALSE
43: Exp -> FALSE
34: Type -> BOOL
29: Call -> ID LPAREN RPAREN
38: Exp -> Call
30: ExpList -> Exp
28: Call -> ID LPAREN ExpList RPAREN
38: Exp -> Call
48: Exp -> LPAREN Type RPAREN Exp
47: Exp -> Exp RELOP Exp
29: Call -> ID LPAREN RPAREN
38: Exp -> Call
30: ExpList -> Exp
28: Call -> ID LPAREN ExpList RPAREN
38: Exp -> Call
29: Call -> ID LPAREN RPAREN
38: Exp -> Call
43: Exp -> FALSE
37: Exp -> ID
47: Exp -> Exp RELOP Exp
35: Exp -> LPAREN Exp RPAREN
44: Exp -> NOT Exp
42: Exp -> TRUE
35: Exp -> LPAREN Exp RPAREN
47: Exp -> Exp RELOP Exp
40: Exp -> NUM B
44: Exp -> NOT Exp
42: Exp -> TRUE
41: Exp -> STRING
44: Exp -> NOT Exp
45: Exp -> Exp AND Exp
41: Exp -> STRING
41: Exp -> STRING
42: Exp -> TRUE
33: Type -> BYTE
41: Exp -> STRING
48: Exp -> LPAREN Type RPAREN Exp
43: Exp -> FALSE
43: Exp -> FALSE
32: Type -> INT
42: Exp -> TRUE
48: Exp -> LPAREN Type RPAREN Exp
47: Exp -> Exp RELOP Exp
42: Exp -> TRUE
43: Exp -> FALSE
40: Exp -> NUM B
29: Call -> ID LPAREN RPAREN
38: Exp -> Call
42: Exp -> TRUE
44: Exp -> NOT Exp
41: Exp -> STRING
47: Exp -> Exp RELOP Exp
45: Exp -> Exp AND Exp
39: Exp -> NUM
44: Exp -> NOT Exp
46: Exp -> Exp OR Exp
42: Exp -> TRUE
30: ExpList -> Exp
31: ExpList -> Exp COMMA ExpList
31: ExpList -> Exp COMMA ExpList
31: ExpList -> Exp COMMA ExpList
31: ExpList -> Exp COMMA ExpList
31: ExpList -> Exp COMMA ExpList
31: ExpList -> Exp COMMA ExpList
31: ExpList -> Exp COMMA ExpList
28: Call -> ID LPAREN ExpList RPAREN
38: Exp -> Call
30: ExpList -> Exp
31: ExpList -> Exp COMMA ExpList
31: ExpList -> Exp COMMA ExpList
31: ExpList -> Exp COMMA ExpList
31: ExpList -> Exp COMMA ExpList
31: ExpList -> Exp COMMA ExpList
31: ExpList -> Exp COMMA ExpList
28: Call -> ID LPAREN ExpList RPAREN
38: Exp -> Call
42: Exp -> TRUE
43: Exp -> FALSE
41: Exp -> STRING
39: Exp -> NUM
36: Exp -> Exp BINOP Exp
30: ExpList -> Exp
31: ExpList -> Exp COMMA ExpList
28: Call -> ID LPAREN ExpList RPAREN
38: Exp -> Call
36: Exp -> Exp BINOP Exp
35: Exp -> LPAREN Exp RPAREN
43: Exp -> FALSE
44: Exp -> NOT Exp
47: Exp -> Exp RELOP Exp
41: Exp -> STRING
40: Exp -> NUM B
29: Call -> ID LPAREN RPAREN
38: Exp -> Call
39: Exp -> NUM
33: Type -> BYTE
37: Exp -> ID
48: Exp -> LPAREN Type RPAREN Exp
30: ExpList -> Exp
31: ExpList -> Exp COMMA ExpList
31: ExpList -> Exp COMMA ExpList
31: ExpList -> Exp COMMA ExpList
31: ExpList -> Exp COMMA ExpList
31: ExpList -> Exp COMMA ExpList
31: ExpList -> Exp COMMA ExpList
31: ExpList -> Exp COMMA ExpList
31: ExpList -> Exp COMMA ExpList
31: ExpList -> Exp COMMA ExpList
28: Call -> ID LPAREN ExpList RPAREN
38: Exp -> Call
43: Exp -> FALSE
45: Exp -> Exp AND Exp
46: Exp -> Exp OR Exp
22: Statement -> RETURN Exp SC
15: Statements -> Statements Statement
39: Exp -> NUM
19: Statement -> ID ASSIGN Exp SC
15: Statements -> Statements Statement
42: Exp -> TRUE
29: Call -> ID LPAREN RPAREN
20: Statement -> Call SC
25: Statement -> WHILE LPAREN Exp RPAREN Statement
15: Statements -> Statements Statement
41: Exp -> STRING
44: Exp -> NOT Exp
27: Statement -> CONTINUE SC
32: Type -> INT
32: Type -> INT
40: Exp -> NUM B
48: Exp -> LPAREN Type RPAREN Exp
40: Exp -> NUM B
45: Exp -> Exp AND Exp
18: Statement -> Type ID ASSIGN Exp SC
24: Statement -> IF LPAREN Exp RPAREN Statement ELSE Statement
15: Statements -> Statements Statement
16: Statement -> LBRACE Statements RBRACE
15: Statements -> Statements Statement
33: Type -> BYTE
17: Statement -> Type ID SC
15: Statements -> Statements Statement
33: Type -> BYTE
41: Exp -> STRING
42: Exp -> TRUE
46: Exp -> Exp OR Exp
35: Exp -> LPAREN Exp RPAREN
18: Statement -> Type ID ASSIGN Exp SC
15: Statements -> Statements Statement
21: Statement -> RETURN SC
15: Statements -> Statements Statement
29: Call -> ID LPAREN RPAREN
38: Exp -> Call
35: Exp -> LPAREN Exp RPAREN
19: Statement -> ID ASSIGN Exp SC
15: Statements -> Statements Statement
4: FuncDecl -> OverRide RetType ID LPAREN Formals RPAREN LBRACE Statements RBRACE
2: Funcs -> epsilon
3: Funcs -> FuncDecl Funcs
3: Funcs -> FuncDecl Funcs
3: Funcs -> FuncDecl Funcs
3: Funcs -> FuncDecl Funcs
3: Funcs -> FuncDecl Funcs
3: Funcs -> FuncDecl Funcs
3: Funcs -> FuncDecl Funcs
3: Funcs -> FuncDecl Funcs
3: Funcs -> FuncDecl Funcs
3: Funcs -> FuncDecl Funcs
1: Program -> Funcs
