5: OverRide -> epsilon
32: Type -> INT
7: RetType -> Type
32: Type -> INT
13: FormalDecl -> Type ID
32: Type -> INT
13: FormalDecl -> Type ID
11: FormalsList -> FormalDecl
12: FormalsList -> FormalDecl COMMA FormalsList
10: Formals -> FormalsList
37: Exp -> ID
37: Exp -> ID
36: Exp -> Exp BINOP Exp
22: Statement -> RETURN Exp SC
14: Statements -> Statement
4: FuncDecl -> OverRide RetType ID LPAREN Formals RPAREN LBRACE Statements RBRACE
5: OverRide -> epsilon
32: Type -> INT
7: RetType -> Type
33: Type -> BYTE
13: FormalDecl -> Type ID
32: Type -> INT
13: FormalDecl -> Type ID
11: FormalsList -> FormalDecl
12: FormalsList -> FormalDecl COMMA FormalsList
10: Formals -> FormalsList
37: Exp -> ID
37: Exp -> ID
36: Exp -> Exp BINOP Exp
22: Statement -> RETURN Exp SC
14: Statements -> Statement
4: FuncDecl -> OverRide RetType ID LPAREN Formals RPAREN LBRACE Statements RBRACE
5: OverRide -> epsilon
8: RetType ->  VOID
9: Formals -> epsilon
32: Type -> INT
39: Exp -> NUM
39: Exp -> NUM
30: ExpList -> Exp
31: ExpList -> Exp COMMA ExpList
28: Call -> ID LPAREN ExpList RPAREN
38: Exp -> Call
18: Statement -> Type ID ASSIGN Exp SC
14: Statements -> Statement
32: Type -> INT
40: Exp -> NUM B
39: Exp -> NUM
30: ExpList -> Exp
31: ExpList -> Exp COMMA ExpList
28: Call -> ID LPAREN ExpList RPAREN
38: Exp -> Call
18: Statement -> Type ID ASSIGN Exp SC
15: Statements -> Statements Statement
32: Type -> INT
40: Exp -> NUM B
39: Exp -> NUM
30: ExpList -> Exp
31: ExpList -> Exp COMMA ExpList
28: Call -> ID LPAREN ExpList RPAREN
38: Exp -> Call
18: Statement -> Type ID ASSIGN Exp SC
15: Statements -> Statements Statement
32: Type -> INT
39: Exp -> NUM
39: Exp -> NUM
30: ExpList -> Exp
31: ExpList -> Exp COMMA ExpList
28: Call -> ID LPAREN ExpList RPAREN
38: Exp -> Call
18: Statement -> Type ID ASSIGN Exp SC
15: Statements -> Statements Statement
21: Statement -> RETURN SC
15: Statements -> Statements Statement
4: FuncDecl -> OverRide RetType ID LPAREN Formals RPAREN LBRACE Statements RBRACE
2: Funcs -> epsilon
3: Funcs -> FuncDecl Funcs
3: Funcs -> FuncDecl Funcs
3: Funcs -> FuncDecl Funcs
1: Program -> Funcs
