5: OverRide -> epsilon
32: Type -> INT
7: RetType -> Type
9: Formals -> epsilon
32: Type -> INT
line 2: lexical error
